Block comments


This line will be in the text. The first part of this line will be in the text, and so will this.

Present present present present.
