My Book


It was a dark and stormy night. Lightning flashed and illuminated the dust-covered furniture of the mansion. A trail of wet footprints crossed the wooden planks of the floor.

A dark figure stood by the fireplace, wet and shivering from the rain. A pool or orange light from the fire pressed against the darkness. The small fire provided little heat, but it was better than nothing.
