B

This is chapter "B."


A

This is chapter "A."
