My Document
by Jon Document


A named section

This is the text of the first section.

---

This is the text of the next section.
