My Document
by Jon Document


Example

This is the text of the first section.

---

This is the text of the next section.


Another Example

This chapter does not have any sections.
