My Document
by Jon Document


Example

A named section

This is the text of the first section.

Another named section

This is the text of the next section.


Another Example

This chapter does not have any sections.
