My Book
by Jon Doe


A

One.


B

Two.


C

Three.


D

Four.
