My Book
by Jon Doe


B

Two.


C

Three.


D

Four.


A

One.


F

Six.


E

Five.
