Testing line comments
by Jane Doe


How now brown See spot run.

One two three four.
